// Jest Snapshot v1, https://goo.gl/fbAQLP

exports[`RepositoryCard should be able to render snapshot 1`] = `
<button
  className="repositoryCard"
  onClick={[Function]}
>
  <div>
    repository content
  </div>
  <svg
    className="repositoryCard__iconArrow"
    fill="none"
    height="12"
    viewBox="0 0 8 12"
    width="8"
    xmlns="http://www.w3.org/2000/svg"
  >
    <path
      d="M8 10.5L3 6L8 1.5L6.60066 -4.44801e-08L6.67556e-07 6L6.60066 12L8 10.5Z"
    />
  </svg>
</button>
`;
